n/parking-lot.jpg
n/63e58920e52be.image.jpg
n/parking-structure-lot-empty-urban-wallpaper.jpg
n/4418575836_fd403b53e1_b.jpg
n/empty-parking-lot-parking-lane-outdoor-public-park_1127-3309.jpg
n/40832992-empty-parking-lot.jpg
n/360_F_113270995_v0RgIm4UIV0VFJw30vM4ZeptxaeHZOuK.jpg
n/empty-car-parking-lot-during-metro-manila-lock-down-2B8CHPB.jpg
n/perspective-view-of-empty-indoor-car-parking-lot-at-the-mall-underground-concrete-parking-garage-wit.jpg
n/inline_image_preview.jpg
n/aerial-view-of-an-empty-parking-lot-stock-photograph_csp85544690.jpg
n/shutterstock_212552797.jpg
n/attachment-20221117_085208.jpg
n/photo-1604275291560-55f54cec0e4d.jpg
n/videoblocks-rotating-shot-of-almost-empty-underground-parking-garage-with-just-two-cars-there_sbpbnx.png
n/parking.jpg
n/miem8Kc.jpg
n/image-asset.jpeg
n/Empty-Parking-Lot-by-R-Niall-Bradshaw.jpg
n/lone-car-is-moving-huge-empty-parking-lot-with-lots-empty-parking-spaces_76020-121.jpg
n/42.jpg
n/1681548827663.jpg
n/usa-philadelphia-empty-parking-lot-seen-from-above-MELF000115.jpg
n/7790387bc4090e202f7dc04199ab1d2c.jpg
n/Empty-Parking-Lot.jpeg
n/1681548827662.png
n/brand-new-strip-mall.jpg
n/4367422-car-free-big-empty-parking-lot-parking-lot-photocase-stock-photo-large.jpeg
n/one-car-absolutely-empty-parking-lot-huge-empty-parking-lot-lots-empty-parking-spaces-quarantine-185.jpg
n/empty-parking-lot.jpg
n/empty-car-parking-lot-with-white-mark-F3P0GK.jpg
n/empty-parking-1.png
n/-1x-1.jpg
n/IPO5E33A6LMC3PUSDIXMEVJFXI.jpg
n/bebe8ce6297ef3fc6ab46a43098d86f3.jpg
n/empty-parking-lot-parking-lane-outdoor-park_34362-1727.jpg
n/0Bcaf.png